// Jest Snapshot v1, https://goo.gl/fbAQLP

exports[`tests for displaying Card component renders the UI as expected 1`] = `
<div
  className="Card"
>
  <h3>
     
    card-title
     
  </h3>
  <p>
     
    card content
     
  </p>
</div>
`;
